// Jest Snapshot v1, https://goo.gl/fbAQLP

exports[`Table component TableCaption component should match snapshot 1`] = `ShallowWrapper {}`;
