// Jest Snapshot v1, https://goo.gl/fbAQLP

exports[`TableRow component TableRow component should match snapshot 1`] = `ReactWrapper {}`;
