// Jest Snapshot v1, https://goo.gl/fbAQLP

exports[`Table component Table component should match snapshot 1`] = `ReactWrapper {}`;
