// Jest Snapshot v1, https://goo.gl/fbAQLP

exports[`SelectedText component SelectedText component should match snapshot 1`] = `ReactWrapper {}`;
