// Jest Snapshot v1, https://goo.gl/fbAQLP

exports[`SelectAll component DownloadAction component should match snapshot 1`] = `ReactWrapper {}`;
